> Task :app:preBuild UP-TO-DATE
> Task :app:preDebugBuild UP-TO-DATE
> Task :app:mergeDebugNativeDebugMetadata NO-SOURCE
> Task :app:checkKotlinGradlePluginConfigurationErrors SKIPPED
> Task :app:checkDebugAarMetadata FAILED

FAILURE: Build failed with an exception.

* What went wrong:
Execution failed for task ':app:checkDebugAarMetadata'.
> Could not resolve all files for configuration ':app:debugRuntimeClasspath'.
   > Could not find org.maplibre.compose:maplibre-compose:0.4.0.
     Searched in the following locations:
       - https://dl.google.com/dl/android/maven2/org/maplibre/compose/maplibre-compose/0.4.0/maplibre-compose-0.4.0.pom
       - https://repo.maven.apache.org/maven2/org/maplibre/compose/maplibre-compose/0.4.0/maplibre-compose-0.4.0.pom
     Required by:
         project :app

* Try:
> Run with --stacktrace option to get the stack trace.
> Run with --info or --debug option to get more log output.
> Run with --scan to get full insights.
> Get more help at https://help.gradle.org.

BUILD FAILED in 2s
1 actionable task: 1 executed
